20213127-w00 seed42_step-010000 {0: 0.0191, 1: 0.0257, 2: 0.0327, 3: 0.0399, 4: 0.0469, 6: 0.0581, 8: 0.0653}
20213127-w00 seed42_step-020000 {0: 0.0258, 1: 0.032, 2: 0.0387, 3: 0.0456, 4: 0.0517, 6: 0.0601, 8: 0.0643}
20213127-w00 seed42_step-030000 {0: 0.0193, 1: 0.0241, 2: 0.0305, 3: 0.0372, 4: 0.0437, 6: 0.0545, 8: 0.0621}
20213127-w00 seed42_step-040000 {0: 0.0243, 1: 0.0287, 2: 0.0339, 3: 0.0392, 4: 0.0442, 6: 0.0527, 8: 0.0591}
20213127-w00 seed42_step-050000 {0: 0.0202, 1: 0.0236, 2: 0.0274, 3: 0.0311, 4: 0.0345, 6: 0.0405, 8: 0.0453}
20213127-w00 seed42_step-060000 {0: 0.0194, 1: 0.0228, 2: 0.0269, 3: 0.0315, 4: 0.036, 6: 0.0445, 8: 0.0512}
20213127-w00 seed42_step-075000 {0: 0.0181, 1: 0.0213, 2: 0.0251, 3: 0.0293, 4: 0.0335, 6: 0.0415, 8: 0.0483}
20213127-w00 seed43_step-010000 {0: 0.0177, 1: 0.0224, 2: 0.0282, 3: 0.0344, 4: 0.0404, 6: 0.05, 8: 0.0566}
20213127-w00 seed43_step-020000 {0: 0.0163, 1: 0.0213, 2: 0.0272, 3: 0.0337, 4: 0.0399, 6: 0.0498, 8: 0.0561}
20213127-w00 seed43_step-030000 {0: 0.0197, 1: 0.0245, 2: 0.0295, 3: 0.034, 4: 0.0378, 6: 0.0439, 8: 0.0485}
20213127-w00 seed43_step-040000 {0: 0.0202, 1: 0.0247, 2: 0.0288, 3: 0.0325, 4: 0.0357, 6: 0.0415, 8: 0.0464}
20213127-w00 seed43_step-050000 {0: 0.0212, 1: 0.0264, 2: 0.032, 3: 0.0372, 4: 0.0422, 6: 0.0507, 8: 0.0573}
20213127-w00 seed43_step-060000 {0: 0.0222, 1: 0.0263, 2: 0.0305, 3: 0.0346, 4: 0.0384, 6: 0.0453, 8: 0.0507}
20213127-w00 seed43_step-075000 {0: 0.0198, 1: 0.0238, 2: 0.0278, 3: 0.032, 4: 0.0363, 6: 0.0443, 8: 0.051}
20213127-w00 mean2 {0: 0.0237, 1: 0.0292, 2: 0.0354, 3: 0.0416, 4: 0.0476, 6: 0.0576, 8: 0.0649}
20213127-w00 mean14 {0: 0.046, 1: 0.0543, 2: 0.061, 3: 0.0668, 4: 0.0718, 6: 0.0795, 8: 0.0848}
220144552896 seed42_step-010000 {0: 0.0192, 1: 0.0261, 2: 0.0334, 3: 0.0412, 4: 0.0487, 6: 0.0604, 8: 0.0676}
220144552896 seed42_step-020000 {0: 0.0238, 1: 0.0295, 2: 0.0357, 3: 0.0421, 4: 0.0478, 6: 0.056, 8: 0.0603}
220144552896 seed42_step-030000 {0: 0.0212, 1: 0.0265, 2: 0.0335, 3: 0.0408, 4: 0.0475, 6: 0.0578, 8: 0.0641}
220144552896 seed42_step-040000 {0: 0.0297, 1: 0.0348, 2: 0.0406, 3: 0.0464, 4: 0.0516, 6: 0.0598, 8: 0.0653}
220144552896 seed42_step-050000 {0: 0.0243, 1: 0.0283, 2: 0.0329, 3: 0.0373, 4: 0.0413, 6: 0.0473, 8: 0.0511}
220144552896 seed42_step-060000 {0: 0.0239, 1: 0.0279, 2: 0.0328, 3: 0.038, 4: 0.043, 6: 0.0513, 8: 0.0569}
220144552896 seed42_step-075000 {0: 0.0272, 1: 0.0317, 2: 0.0369, 3: 0.0423, 4: 0.0474, 6: 0.0557, 8: 0.0612}
220144552896 seed43_step-010000 {0: 0.0183, 1: 0.0233, 2: 0.0296, 3: 0.0367, 4: 0.0436, 6: 0.0546, 8: 0.0617}
220144552896 seed43_step-020000 {0: 0.0156, 1: 0.0203, 2: 0.0262, 3: 0.0326, 4: 0.0389, 6: 0.0492, 8: 0.056}
220144552896 seed43_step-030000 {0: 0.0237, 1: 0.0295, 2: 0.0355, 3: 0.0408, 4: 0.0451, 6: 0.0514, 8: 0.0557}
220144552896 seed43_step-040000 {0: 0.0262, 1: 0.032, 2: 0.0374, 3: 0.0421, 4: 0.046, 6: 0.0516, 8: 0.0551}
220144552896 seed43_step-050000 {0: 0.0301, 1: 0.0374, 2: 0.0446, 3: 0.0507, 4: 0.0558, 6: 0.0628, 8: 0.0668}
220144552896 seed43_step-060000 {0: 0.025, 1: 0.0297, 2: 0.0345, 3: 0.039, 4: 0.0432, 6: 0.05, 8: 0.055}
220144552896 seed43_step-075000 {0: 0.0223, 1: 0.0267, 2: 0.0312, 3: 0.0356, 4: 0.0398, 6: 0.047, 8: 0.0523}
220144552896 mean2 {0: 0.0292, 1: 0.0359, 2: 0.0433, 3: 0.0507, 4: 0.0574, 6: 0.0678, 8: 0.0744}
220144552896 mean14 {0: 0.0533, 1: 0.0628, 2: 0.0705, 3: 0.0771, 4: 0.0822, 6: 0.0891, 8: 0.0926}
220174252405 seed42_step-010000 {0: 0.0184, 1: 0.0249, 2: 0.0317, 3: 0.0387, 4: 0.0453, 6: 0.0555, 8: 0.0617}
220174252405 seed42_step-020000 {0: 0.0259, 1: 0.0324, 2: 0.0395, 3: 0.0467, 4: 0.0532, 6: 0.062, 8: 0.066}
220174252405 seed42_step-030000 {0: 0.0235, 1: 0.0293, 2: 0.0368, 3: 0.0445, 4: 0.0514, 6: 0.0616, 8: 0.0674}
220174252405 seed42_step-040000 {0: 0.0267, 1: 0.0317, 2: 0.0374, 3: 0.0432, 4: 0.0486, 6: 0.0574, 8: 0.0634}
220174252405 seed42_step-050000 {0: 0.024, 1: 0.0282, 2: 0.0328, 3: 0.0371, 4: 0.0408, 6: 0.0464, 8: 0.0503}
220174252405 seed42_step-060000 {0: 0.0243, 1: 0.0284, 2: 0.0329, 3: 0.0375, 4: 0.0416, 6: 0.0486, 8: 0.0539}
220174252405 seed42_step-075000 {0: 0.0246, 1: 0.0289, 2: 0.0334, 3: 0.0379, 4: 0.042, 6: 0.0489, 8: 0.0541}
220174252405 seed43_step-010000 {0: 0.0152, 1: 0.0193, 2: 0.0245, 3: 0.0305, 4: 0.0365, 6: 0.0465, 8: 0.0533}
220174252405 seed43_step-020000 {0: 0.0147, 1: 0.0193, 2: 0.0249, 3: 0.0309, 4: 0.0368, 6: 0.0461, 8: 0.0522}
220174252405 seed43_step-030000 {0: 0.0247, 1: 0.0308, 2: 0.0371, 3: 0.0424, 4: 0.0465, 6: 0.0522, 8: 0.0558}
220174252405 seed43_step-040000 {0: 0.0249, 1: 0.0306, 2: 0.0358, 3: 0.0404, 4: 0.0443, 6: 0.0504, 8: 0.0548}
220174252405 seed43_step-050000 {0: 0.0303, 1: 0.0377, 2: 0.045, 3: 0.0515, 4: 0.0568, 6: 0.0645, 8: 0.069}
220174252405 seed43_step-060000 {0: 0.0279, 1: 0.0334, 2: 0.0388, 3: 0.0437, 4: 0.0481, 6: 0.055, 8: 0.0597}
220174252405 seed43_step-075000 {0: 0.0296, 1: 0.0355, 2: 0.041, 3: 0.0461, 4: 0.0506, 6: 0.0577, 8: 0.0625}
220174252405 mean2 {0: 0.0267, 1: 0.0331, 2: 0.0398, 3: 0.0462, 4: 0.052, 6: 0.0608, 8: 0.0667}
220174252405 mean14 {0: 0.0538, 1: 0.0639, 2: 0.0717, 3: 0.0779, 4: 0.0827, 6: 0.089, 8: 0.0923}
done
